Archive member included to satisfy reference by file (symbol)

c:/program files (x86)/atmel/studio/7.0/toolchain/avr8/avr8-gnu-toolchain/bin/../lib/gcc/avr/5.4.0/../../../../avr/lib/avr6\libm.a(acos.o)
                              freertos/lib_tim/daylight_seconds.o (acos)
c:/program files (x86)/atmel/studio/7.0/toolchain/avr8/avr8-gnu-toolchain/bin/../lib/gcc/avr/5.4.0/../../../../avr/lib/avr6\libm.a(addsf3.o)
                              freertos/lib_tim/moon_phase.o (__subsf3)
c:/program files (x86)/atmel/studio/7.0/toolchain/avr8/avr8-gnu-toolchain/bin/../lib/gcc/avr/5.4.0/../../../../avr/lib/avr6\libm.a(addsf3x.o)
                              c:/program files (x86)/atmel/studio/7.0/toolchain/avr8/avr8-gnu-toolchain/bin/../lib/gcc/avr/5.4.0/../../../../avr/lib/avr6\libm.a(acos.o) (__addsf3x)
c:/program files (x86)/atmel/studio/7.0/toolchain/avr8/avr8-gnu-toolchain/bin/../lib/gcc/avr/5.4.0/../../../../avr/lib/avr6\libm.a(cmpsf2.o)
                              freertos/lib_tim/daylight_seconds.o (__ltsf2)
c:/program files (x86)/atmel/studio/7.0/toolchain/avr8/avr8-gnu-toolchain/bin/../lib/gcc/avr/5.4.0/../../../../avr/lib/avr6\libm.a(cos.o)
                              freertos/lib_tim/moon_phase.o (cos)
c:/program files (x86)/atmel/studio/7.0/toolchain/avr8/avr8-gnu-toolchain/bin/../lib/gcc/avr/5.4.0/../../../../avr/lib/avr6\libm.a(divsf3.o)
                              freertos/lib_tim/daylight_seconds.o (__divsf3)
c:/program files (x86)/atmel/studio/7.0/toolchain/avr8/avr8-gnu-toolchain/bin/../lib/gcc/avr/5.4.0/../../../../avr/lib/avr6\libm.a(divsf3x.o)
                              c:/program files (x86)/atmel/studio/7.0/toolchain/avr8/avr8-gnu-toolchain/bin/../lib/gcc/avr/5.4.0/../../../../avr/lib/avr6\libm.a(divsf3.o) (__divsf3x)
c:/program files (x86)/atmel/studio/7.0/toolchain/avr8/avr8-gnu-toolchain/bin/../lib/gcc/avr/5.4.0/../../../../avr/lib/avr6\libm.a(fixsfsi.o)
                              freertos/lib_tim/equation_of_time.o (__fixsfsi)
c:/program files (x86)/atmel/studio/7.0/toolchain/avr8/avr8-gnu-toolchain/bin/../lib/gcc/avr/5.4.0/../../../../avr/lib/avr6\libm.a(fixunssfsi.o)
                              freertos/lib_tim/daylight_seconds.o (__fixunssfsi)
c:/program files (x86)/atmel/studio/7.0/toolchain/avr8/avr8-gnu-toolchain/bin/../lib/gcc/avr/5.4.0/../../../../avr/lib/avr6\libm.a(floatsisf.o)
                              freertos/lib_tim/solar_declination.o (__floatunsisf)
c:/program files (x86)/atmel/studio/7.0/toolchain/avr8/avr8-gnu-toolchain/bin/../lib/gcc/avr/5.4.0/../../../../avr/lib/avr6\libm.a(fp_arccos.o)
                              c:/program files (x86)/atmel/studio/7.0/toolchain/avr8/avr8-gnu-toolchain/bin/../lib/gcc/avr/5.4.0/../../../../avr/lib/avr6\libm.a(acos.o) (__fp_arccos)
c:/program files (x86)/atmel/studio/7.0/toolchain/avr8/avr8-gnu-toolchain/bin/../lib/gcc/avr/5.4.0/../../../../avr/lib/avr6\libm.a(fp_cmp.o)
                              c:/program files (x86)/atmel/studio/7.0/toolchain/avr8/avr8-gnu-toolchain/bin/../lib/gcc/avr/5.4.0/../../../../avr/lib/avr6\libm.a(cmpsf2.o) (__fp_cmp)
c:/program files (x86)/atmel/studio/7.0/toolchain/avr8/avr8-gnu-toolchain/bin/../lib/gcc/avr/5.4.0/../../../../avr/lib/avr6\libm.a(fp_inf.o)
                              c:/program files (x86)/atmel/studio/7.0/toolchain/avr8/avr8-gnu-toolchain/bin/../lib/gcc/avr/5.4.0/../../../../avr/lib/avr6\libm.a(addsf3x.o) (__fp_inf)
c:/program files (x86)/atmel/studio/7.0/toolchain/avr8/avr8-gnu-toolchain/bin/../lib/gcc/avr/5.4.0/../../../../avr/lib/avr6\libm.a(fp_nan.o)
                              c:/program files (x86)/atmel/studio/7.0/toolchain/avr8/avr8-gnu-toolchain/bin/../lib/gcc/avr/5.4.0/../../../../avr/lib/avr6\libm.a(addsf3x.o) (__fp_nan)
c:/program files (x86)/atmel/studio/7.0/toolchain/avr8/avr8-gnu-toolchain/bin/../lib/gcc/avr/5.4.0/../../../../avr/lib/avr6\libm.a(fp_powser.o)
                              c:/program files (x86)/atmel/studio/7.0/toolchain/avr8/avr8-gnu-toolchain/bin/../lib/gcc/avr/5.4.0/../../../../avr/lib/avr6\libm.a(fp_arccos.o) (__fp_powser)
c:/program files (x86)/atmel/studio/7.0/toolchain/avr8/avr8-gnu-toolchain/bin/../lib/gcc/avr/5.4.0/../../../../avr/lib/avr6\libm.a(fp_pscA.o)
                              c:/program files (x86)/atmel/studio/7.0/toolchain/avr8/avr8-gnu-toolchain/bin/../lib/gcc/avr/5.4.0/../../../../avr/lib/avr6\libm.a(addsf3x.o) (__fp_pscA)
c:/program files (x86)/atmel/studio/7.0/toolchain/avr8/avr8-gnu-toolchain/bin/../lib/gcc/avr/5.4.0/../../../../avr/lib/avr6\libm.a(fp_pscB.o)
                              c:/program files (x86)/atmel/studio/7.0/toolchain/avr8/avr8-gnu-toolchain/bin/../lib/gcc/avr/5.4.0/../../../../avr/lib/avr6\libm.a(addsf3x.o) (__fp_pscB)
c:/program files (x86)/atmel/studio/7.0/toolchain/avr8/avr8-gnu-toolchain/bin/../lib/gcc/avr/5.4.0/../../../../avr/lib/avr6\libm.a(fp_rempio2.o)
[...]
Memory Configuration

Name             Origin             Length             Attributes
text             0x00000000         0x00100000         xr
data             0x00800200         0x0000fe00         rw !x
eeprom           0x00810000         0x00010000         rw !x
fuse             0x00820000         0x00000400         rw !x
lock             0x00830000         0x00000400         rw !x
signature        0x00840000         0x00000400         rw !x
user_signatures  0x00850000         0x00000400         rw !x
*default*        0x00000000         0xffffffff

Linker script and memory map

Address of section .data set to 0x800200
LOAD C:/Program Files (x86)/Atmel/Studio/7.0/Packs/atmel/ATmega_DFP/1.0.90/gcc/dev/atmega2560/avr6/crtatmega2560.o
LOAD freertos/croutine.o
LOAD freertos/heap_3.o
LOAD freertos/hooks.o
LOAD freertos/i2cMultiMaster.o
LOAD freertos/lib_tim/asctime.o
LOAD freertos/lib_tim/asctime_r.o
LOAD freertos/lib_tim/asc_store.o
LOAD freertos/lib_tim/ctime.o
LOAD freertos/lib_tim/ctime_r.o
LOAD freertos/lib_tim/daylight_seconds.o
LOAD freertos/lib_tim/difftime.o
LOAD freertos/lib_tim/dst_pointer.o
LOAD freertos/lib_tim/equation_of_time.o
LOAD freertos/lib_tim/fatfs_time.o
LOAD freertos/lib_tim/geo_location.o
LOAD freertos/lib_tim/gmtime.o
LOAD freertos/lib_tim/gmtime_r.o
LOAD freertos/lib_tim/gm_sidereal.o
LOAD freertos/lib_tim/isLeap.o
LOAD freertos/lib_tim/isotime.o
LOAD freertos/lib_tim/isotime_r.o
LOAD freertos/lib_tim/iso_week_date.o
LOAD freertos/lib_tim/iso_week_date_r.o
LOAD freertos/lib_tim/lm_sidereal.o
LOAD freertos/lib_tim/localtime.o
LOAD freertos/lib_tim/localtime_r.o
LOAD freertos/lib_tim/mktime.o
LOAD freertos/lib_tim/mk_gmtime.o
LOAD freertos/lib_tim/month_length.o
LOAD freertos/lib_tim/moon_phase.o
LOAD freertos/lib_tim/print_lz.o
LOAD freertos/lib_tim/set_dst.o
LOAD freertos/lib_tim/set_position.o
LOAD freertos/lib_tim/set_system_time.o
LOAD freertos/lib_tim/set_zone.o
LOAD freertos/lib_tim/solar_declination.o
LOAD freertos/lib_tim/solar_noon.o
LOAD freertos/lib_tim/strftime.o
LOAD freertos/lib_tim/sun_rise.o
LOAD freertos/lib_tim/sun_set.o
LOAD freertos/lib_tim/system_tick.o
LOAD freertos/lib_tim/system_time.o
LOAD freertos/lib_tim/time.o
LOAD freertos/lib_tim/tm_store.o
LOAD freertos/lib_tim/utc_offset.o
LOAD freertos/lib_tim/week_of_month.o
LOAD freertos/lib_tim/week_of_year.o
LOAD freertos/list.o
LOAD freertos/port.o
LOAD freertos/queue.o
LOAD freertos/serial.o
LOAD freertos/servoPWM.o
LOAD freertos/spi.o
LOAD freertos/tasks.o
LOAD freertos/timers.o
LOAD main.o
START GROUP
LOAD c:/program files (x86)/atmel/studio/7.0/toolchain/avr8/avr8-gnu-toolchain/bin/../lib/gcc/avr/5.4.0/../../../../avr/lib/avr6\libm.a
END GROUP
START GROUP
LOAD c:/program files (x86)/atmel/studio/7.0/toolchain/avr8/avr8-gnu-toolchain/bin/../lib/gcc/avr/5.4.0/avr6\libgcc.a
LOAD c:/program files (x86)/atmel/studio/7.0/toolchain/avr8/avr8-gnu-toolchain/bin/../lib/gcc/avr/5.4.0/../../../../avr/lib/avr6\libm.a
LOAD c:/program files (x86)/atmel/studio/7.0/toolchain/avr8/avr8-gnu-toolchain/bin/../lib/gcc/avr/5.4.0/../../../../avr/lib/avr6\libc.a
LOAD C:/Program Files (x86)/Atmel/Studio/7.0/Packs/atmel/ATmega_DFP/1.0.90/gcc/dev/atmega2560/avr6\libatmega2560.a
END GROUP
                0x00100000                __TEXT_REGION_LENGTH__ = DEFINED (__TEXT_REGION_LENGTH__)?__TEXT_REGION_LENGTH__:0x100000
                0x0000fe00                __DATA_REGION_LENGTH__ = DEFINED (__DATA_REGION_LENGTH__)?__DATA_REGION_LENGTH__:0xfe00
                0x00010000                __EEPROM_REGION_LENGTH__ = DEFINED (__EEPROM_REGION_LENGTH__)?__EEPROM_REGION_LENGTH__:0x10000
                0x00000400                __FUSE_REGION_LENGTH__ = DEFINED (__FUSE_REGION_LENGTH__)?__FUSE_REGION_LENGTH__:0x400
                0x00000400                __LOCK_REGION_LENGTH__ = DEFINED (__LOCK_REGION_LENGTH__)?__LOCK_REGION_LENGTH__:0x400
                0x00000400                __SIGNATURE_REGION_LENGTH__ = DEFINED (__SIGNATURE_REGION_LENGTH__)?__SIGNATURE_REGION_LENGTH__:0x400
                0x00000400                __USER_SIGNATURE_REGION_LENGTH__ = DEFINED (__USER_SIGNATURE_REGION_LENGTH__)?__USER_SIGNATURE_REGION_LENGTH__:0x400

.hash
 *(.hash)

.dynsym
 *(.dynsym)

.dynstr
 *(.dynstr)

.gnu.version
 *(.gnu.version)

.gnu.version_d
 *(.gnu.version_d)

.gnu.version_r
 *(.gnu.version_r)

.rel.init
 *(.rel.init)

.rela.init
 *(.rela.init)

.rel.text
 *(.rel.text)
 *(.rel.text.*)
 *(.rel.gnu.linkonce.t*)

.rela.text
 *(.rela.text)
 *(.rela.text.*)
 *(.rela.gnu.linkonce.t*)

.rel.fini
 *(.rel.fini)

.rela.fini
 *(.rela.fini)

.rel.rodata
 *(.rel.rodata)
 *(.rel.rodata.*)
 *(.rel.gnu.linkonce.r*)

.rela.rodata
 *(.rela.rodata)
 *(.rela.rodata.*)
 *(.rela.gnu.linkonce.r*)

.rel.data
 *(.rel.data)
 *(.rel.data.*)
 *(.rel.gnu.linkonce.d*)

.rela.data
 *(.rela.data)
 *(.rela.data.*)
 *(.rela.gnu.linkonce.d*)

.rel.ctors
 *(.rel.ctors)

.rela.ctors
 *(.rela.ctors)

.rel.dtors
 *(.rel.dtors)

.rela.dtors
 *(.rela.dtors)

.rel.got
 *(.rel.got)

.rela.got
 *(.rela.got)

.rel.bss
 *(.rel.bss)

.rela.bss
 *(.rela.bss)

.rel.plt
 *(.rel.plt)

.rela.plt
 *(.rela.plt)

.text           0x00000000     0x2d56
 *(.vectors)
 .vectors       0x00000000       0xe4 C:/Program Files (x86)/Atmel/Studio/7.0/Packs/atmel/ATmega_DFP/1.0.90/gcc/dev/atmega2560/avr6/crtatmega2560.o
                0x00000000                __vector_default
                0x00000000                __vectors
 *(.vectors)
 *(.progmem.gcc*)
 .progmem.gcc_sw_table.__vector_39
                0x000000e4      0x182 freertos/i2cMultiMaster.o
                0x00000266                . = ALIGN (0x2)
                0x00000266                __trampolines_start = .
 *(.trampolines)
 .trampolines   0x00000266        0x0 linker stubs
 *(.trampolines*)
                0x00000266                __trampolines_end = .
 *libprintf_flt.a:*(.progmem.data)
 *libc.a:*(.progmem.data)
 *(.progmem*)
                0x00000266                . = ALIGN (0x2)
 *(.jumptables)
 *(.jumptables*)
 *(.lowtext)
 .lowtext       0x00000266       0x74 freertos/tasks.o
 *(.lowtext*)
                0x000002da                __ctors_start = .
 *(.ctors)
                0x000002da                __ctors_end = .
                0x000002da                __dtors_start = .
 *(.dtors)
                0x000002da                __dtors_end = .
 SORT(*)(.ctors)
 SORT(*)(.dtors)
 *(.init0)
 .init0         0x000002da        0x0 C:/Program Files (x86)/Atmel/Studio/7.0/Packs/atmel/ATmega_DFP/1.0.90/gcc/dev/atmega2560/avr6/crtatmega2560.o
                0x000002da                __init
 *(.init0)
 *(.init1)
 *(.init1)
 *(.init2)
 .init2         0x000002da       0x10 C:/Program Files (x86)/Atmel/Studio/7.0/Packs/atmel/ATmega_DFP/1.0.90/gcc/dev/atmega2560/avr6/crtatmega2560.o
 *(.init2)
 *(.init3)
 *(.init3)
 *(.init4)
 .init4         0x000002ea       0x1a c:/program files (x86)/atmel/studio/7.0/toolchain/avr8/avr8-gnu-toolchain/bin/../lib/gcc/avr/5.4.0/avr6\libgcc.a(_copy_data.o)
                0x000002ea                __do_copy_data
 .init4         0x00000304       0x10 c:/program files (x86)/atmel/studio/7.0/toolchain/avr8/avr8-gnu-toolchain/bin/../lib/gcc/avr/5.4.0/avr6\libgcc.a(_clear_bss.o)
                0x00000304                __do_clear_bss
 *(.init4)
 *(.init5)
 *(.init5)
 *(.init6)
 *(.init6)
 *(.init7)
 *(.init7)
 *(.init8)
 *(.init8)
 *(.init9)
 .init9         0x00000314        0x8 C:/Program Files (x86)/Atmel/Studio/7.0/Packs/atmel/ATmega_DFP/1.0.90/gcc/dev/atmega2560/avr6/crtatmega2560.o
 *(.init9)
 *(.text)
 .text          0x0000031c        0x2 C:/Program Files (x86)/Atmel/Studio/7.0/Packs/atmel/ATmega_DFP/1.0.90/gcc/dev/atmega2560/avr6/crtatmega2560.o
                0x0000031c                __vector_38
                0x0000031c                __vector_22
                0x0000031c                __vector_28
                0x0000031c                __vector_1
                0x0000031c                __vector_32
                0x0000031c                __vector_34
                0x0000031c                __vector_24
                0x0000031c                __vector_12
                0x0000031c                __vector_46
                0x0000031c                __bad_interrupt
                0x0000031c                __vector_6
                0x0000031c                __vector_31
                0x0000031c                __vector_3
                0x0000031c                __vector_23
                0x0000031c                __vector_30
                0x0000031c                __vector_45
                0x0000031c                __vector_11
                0x0000031c                __vector_13
                0x0000031c                __vector_19
                0x0000031c                __vector_56
                0x0000031c                __vector_7
                0x0000031c                __vector_49
                0x0000031c                __vector_41
                0x0000031c                __vector_43
                0x0000031c                __vector_27
                0x0000031c                __vector_5
                0x0000031c                __vector_33
                0x0000031c                __vector_47
                0x0000031c                __vector_4
                0x0000031c                __vector_44
                0x0000031c                __vector_9
                0x0000031c                __vector_15
                0x0000031c                __vector_29
                0x0000031c                __vector_40
                0x0000031c                __vector_8
                0x0000031c                __vector_48
                0x0000031c                __vector_14
                0x0000031c                __vector_53
                0x0000031c                __vector_10
                0x0000031c                __vector_50
                0x0000031c                __vector_16
                0x0000031c                __vector_18
                0x0000031c                __vector_20
                0x0000031c                __vector_42
 .text          0x0000031e       0x38 freertos/lib_tim/system_tick.o
                0x0000031e                system_tick
                0x00000356                . = ALIGN (0x2)
 *(.text.*)
 .text.pvPortMalloc
                0x00000356       0x24 freertos/heap_3.o
                0x00000356                pvPortMalloc
 .text.vPortFree
                0x0000037a       0x1e freertos/heap_3.o
                0x0000037a                vPortFree
 .text.vApplicationIdleHook
                0x00000398       0x32 freertos/hooks.o
                0x00000398                vApplicationIdleHook
 .text.vApplicationMallocFailedHook
                0x000003ca       0x14 freertos/hooks.o
                0x000003ca                vApplicationMallocFailedHook
 .text.vApplicationStackOverflowHook
                0x000003de       0x1a freertos/hooks.o
                0x000003de                vApplicationStackOverflowHook
 .text.__vector_39
                0x000003f8      0x1e0 freertos/i2cMultiMaster.o
                0x000003f8                __vector_39
 .text.vListInitialise
                0x000005d8       0x1c freertos/list.o
                0x000005d8                vListInitialise
 .text.vListInitialiseItem
                0x000005f4        0x8 freertos/list.o
                0x000005f4                vListInitialiseItem
 .text.vListInsertEnd
                0x000005fc       0x42 freertos/list.o
                0x000005fc                vListInsertEnd
 .text.vListInsert
                0x0000063e       0x62 freertos/list.o
                0x0000063e                vListInsert
 .text.uxListRemove
                0x000006a0       0x4c freertos/list.o
                0x000006a0                uxListRemove
 .text.pxPortInitialiseStack
                0x000006ec       0xe4 freertos/port.o
                0x000006ec                pxPortInitialiseStack
 .text.xPortStartScheduler
                0x000007d0       0x8c freertos/port.o
                0x000007d0                xPortStartScheduler
 .text.vPortYield
                0x0000085c       0xc2 freertos/port.o
                0x0000085c                vPortYield
 .text.vPortYieldFromTick
                0x0000091e       0xee freertos/port.o
                0x0000091e                vPortYieldFromTick
 .text.__vector_21
                0x00000a0c        0x4 freertos/port.o
                0x00000a0c                __vector_21
 .text.prvIsQueueEmpty
                0x00000a10       0x16 freertos/queue.o
 .text.prvCopyDataToQueue
                0x00000a26       0xbe freertos/queue.o
 .text.prvCopyDataFromQueue
                0x00000ae4       0x34 freertos/queue.o
 .text.prvUnlockQueue
                0x00000b18       0x94 freertos/queue.o
 .text.xQueueGenericReset
                0x00000bac       0x72 freertos/queue.o
                0x00000bac                xQueueGenericReset
 .text.xQueueGenericCreate
                0x00000c1e       0x54 freertos/queue.o
                0x00000c1e                xQueueGenericCreate
 .text.xQueueGenericSend
                0x00000c72      0x124 freertos/queue.o
                0x00000c72                xQueueGenericSend
 .text.xQueueGenericReceive
                0x00000d96      0x166 freertos/queue.o
                0x00000d96                xQueueGenericReceive
 .text.__vector_26
                0x00000efc       0x92 freertos/serial.o
                0x00000efc                __vector_26
 .text.__vector_36
                0x00000f8e       0xbe freertos/serial.o
                0x00000f8e                __vector_36
 .text.__vector_37
                0x0000104c       0x92 freertos/serial.o
                0x0000104c                __vector_37
 .text.__vector_51
                0x000010de       0xbe freertos/serial.o
                0x000010de                __vector_51
 .text.__vector_52
                0x0000119c       0x92 freertos/serial.o
                0x0000119c                __vector_52
 .text.__vector_54
                0x0000122e       0xbe freertos/serial.o
                0x0000122e                __vector_54
 .text.__vector_55
                0x000012ec       0x92 freertos/serial.o
                0x000012ec                __vector_55
 .text.prvResetNextTaskUnblockTime
                0x0000137e       0x3e freertos/tasks.o
 .text.prvAddCurrentTaskToDelayedList
                0x000013bc       0xa8 freertos/tasks.o
 .text.xTaskCreate
                0x00001464      0x214 freertos/tasks.o
                0x00001464                xTaskCreate
 .text.vTaskStartScheduler
                0x00001678       0x50 freertos/tasks.o
                0x00001678                vTaskStartScheduler
 .text.vTaskSuspendAll
                0x000016c8        0xc freertos/tasks.o
                0x000016c8                vTaskSuspendAll
 .text.xTaskIncrementTick
                0x000016d4      0x174 freertos/tasks.o
                0x000016d4                xTaskIncrementTick
 .text.xTaskResumeAll
                0x00001848       0xfa freertos/tasks.o
                0x00001848                xTaskResumeAll
 .text.vTaskSwitchContext
                0x00001942      0x102 freertos/tasks.o
                0x00001942                vTaskSwitchContext
 .text.vTaskPlaceOnEventList
                0x00001a44       0x22 freertos/tasks.o
                0x00001a44                vTaskPlaceOnEventList
 .text.xTaskRemoveFromEventList
                0x00001a66       0x90 freertos/tasks.o
                0x00001a66                xTaskRemoveFromEventList
 .text.vTaskSetTimeOutState
                0x00001af6       0x16 freertos/tasks.o
                0x00001af6                vTaskSetTimeOutState
 .text.xTaskCheckForTimeOut
                0x00001b0c       0x70 freertos/tasks.o
                0x00001b0c                xTaskCheckForTimeOut
 .text.vTaskMissedYield
                0x00001b7c        0x8 freertos/tasks.o
                0x00001b7c                vTaskMissedYield
 .text.vTaskPriorityInherit
                0x00001b84       0xc4 freertos/tasks.o
                0x00001b84                vTaskPriorityInherit
 .text.xTaskPriorityDisinherit
                0x00001c48       0x80 freertos/tasks.o
                0x00001c48                xTaskPriorityDisinherit
 .text.pvTaskIncrementMutexHeldCount
                0x00001cc8       0x24 freertos/tasks.o
                0x00001cc8                pvTaskIncrementMutexHeldCount
 .text.initQ    0x00001cec       0x52 main.o
                0x00001cec                initQ
 .text.writeQ   0x00001d3e       0x18 main.o
                0x00001d3e                writeQ
 .text.readQ    0x00001d56       0x16 main.o
                0x00001d56                readQ
 .text.UART_Init
                0x00001d6c       0x16 main.o
                0x00001d6c                UART_Init
 .text.UART_Transmit
                0x00001d82       0x10 main.o
                0x00001d82                UART_Transmit
 .text.UART_Transmit_String
                0x00001d92       0x24 main.o
                0x00001d92                UART_Transmit_String
 .text.queueTaak
                0x00001db6       0x8c main.o
                0x00001db6                queueTaak
 .text.__vector_25
                0x00001e42       0x62 main.o
                0x00001e42                __vector_25
 .text.INT1_init
                0x00001ea4        0xe main.o
                0x00001ea4                INT1_init
 .text.__vector_2
                0x00001eb2       0xc4 main.o
                0x00001eb2                __vector_2
 .text.pulse    0x00001f76       0x1e main.o
                0x00001f76                pulse
 .text.sonarTaak
                0x00001f94       0x34 main.o
                0x00001f94                sonarTaak
 .text.timer3_init
                0x00001fc8       0x1e main.o
                0x00001fc8                timer3_init
 .text.__vector_35
                0x00001fe6       0xcc main.o
                0x00001fe6                __vector_35
 .text.turnServo
                0x000020b2       0x26 main.o
                0x000020b2                turnServo
 .text.servoTaak
                0x000020d8        0xa main.o
                0x000020d8                servoTaak
 .text.initServo
                0x000020e2       0x38 main.o
                0x000020e2                initServo
 .text.main     0x0000211a       0x68 main.o
                0x0000211a                main
 .text.__vector_17
                0x00002182       0x1e main.o
                0x00002182                __vector_17
 .text.avr-libc.fplib
                0x000021a0        0x4 c:/program files (x86)/atmel/studio/7.0/toolchain/avr8/avr8-gnu-toolchain/bin/../lib/gcc/avr/5.4.0/../../../../avr/lib/avr6\libm.a(divsf3.o)
                0x000021a0                __divsf3
 .text.avr-libc.fplib
                0x000021a4       0xcc c:/program files (x86)/atmel/studio/7.0/toolchain/avr8/avr8-gnu-toolchain/bin/../lib/gcc/avr/5.4.0/../../../../avr/lib/avr6\libm.a(divsf3x.o)
                0x000021ba                __divsf3x
                0x000021be                __divsf3_pse
 .text.avr-libc.fplib
                0x00002270        0xa c:/program files (x86)/atmel/studio/7.0/toolchain/avr8/avr8-gnu-toolchain/bin/../lib/gcc/avr/5.4.0/../../../../avr/lib/avr6\libm.a(fixsfsi.o)
                0x00002270                __fixsfsi
 .text.avr-libc.fplib
                0x0000227a       0x58 c:/program files (x86)/atmel/studio/7.0/toolchain/avr8/avr8-gnu-toolchain/bin/../lib/gcc/avr/5.4.0/../../../../avr/lib/avr6\libm.a(fixunssfsi.o)
                0x0000227a                __fixunssfsi
 .text.avr-libc.fplib
                0x000022d2       0x7a c:/program files (x86)/atmel/studio/7.0/toolchain/avr8/avr8-gnu-toolchain/bin/../lib/gcc/avr/5.4.0/../../../../avr/lib/avr6\libm.a(floatsisf.o)
                0x000022d2                __floatunsisf
                0x000022d6                __floatsisf
 .text.avr-libc.fplib
                0x0000234c        0xc c:/program files (x86)/atmel/studio/7.0/toolchain/avr8/avr8-gnu-toolchain/bin/../lib/gcc/avr/5.4.0/../../../../avr/lib/avr6\libm.a(fp_inf.o)
                0x0000234c                __fp_inf
 .text.avr-libc.fplib
                0x00002358        0x6 c:/program files (x86)/atmel/studio/7.0/toolchain/avr8/avr8-gnu-toolchain/bin/../lib/gcc/avr/5.4.0/../../../../avr/lib/avr6\libm.a(fp_nan.o)
                0x00002358                __fp_nan
 .text.avr-libc.fplib
                0x0000235e        0xe c:/program files (x86)/atmel/studio/7.0/toolchain/avr8/avr8-gnu-toolchain/bin/../lib/gcc/avr/5.4.0/../../../../avr/lib/avr6\libm.a(fp_pscA.o)
                0x0000235e                __fp_pscA
 .text.avr-libc.fplib
                0x0000236c        0xe c:/program files (x86)/atmel/studio/7.0/toolchain/avr8/avr8-gnu-toolchain/bin/../lib/gcc/avr/5.4.0/../../../../avr/lib/avr6\libm.a(fp_pscB.o)
                0x0000236c                __fp_pscB
 .text.avr-libc.fplib
                0x0000237a       0x22 c:/program files (x86)/atmel/studio/7.0/toolchain/avr8/avr8-gnu-toolchain/bin/../lib/gcc/avr/5.4.0/../../../../avr/lib/avr6\libm.a(fp_round.o)
                0x0000237a                __fp_round
 .text.avr-libc.fplib
                0x0000239c       0x44 c:/program files (x86)/atmel/studio/7.0/toolchain/avr8/avr8-gnu-toolchain/bin/../lib/gcc/avr/5.4.0/../../../../avr/lib/avr6\libm.a(fp_split3.o)
                0x0000239c                __fp_split3
                0x000023ac                __fp_splitA
 .text.avr-libc.fplib
                0x000023e0        0xe c:/program files (x86)/atmel/studio/7.0/toolchain/avr8/avr8-gnu-toolchain/bin/../lib/gcc/avr/5.4.0/../../../../avr/lib/avr6\libm.a(fp_zero.o)
                0x000023e0                __fp_zero
                0x000023e2                __fp_szero
 .text.avr-libc.fplib
                0x000023ee        0x4 c:/program files (x86)/atmel/studio/7.0/toolchain/avr8/avr8-gnu-toolchain/bin/../lib/gcc/avr/5.4.0/../../../../avr/lib/avr6\libm.a(mulsf3.o)
                0x000023ee                __mulsf3
 .text.avr-libc.fplib
                0x000023f2       0xc2 c:/program files (x86)/atmel/studio/7.0/toolchain/avr8/avr8-gnu-toolchain/bin/../lib/gcc/avr/5.4.0/../../../../avr/lib/avr6\libm.a(mulsf3x.o)
                0x00002406                __mulsf3x
                0x0000240a                __mulsf3_pse
 .text.libgcc.div
                0x000024b4       0x44 c:/program files (x86)/atmel/studio/7.0/toolchain/avr8/avr8-gnu-toolchain/bin/../lib/gcc/avr/5.4.0/avr6\libgcc.a(_udivmodsi4.o)
                0x000024b4                __udivmodsi4
 .text.libgcc   0x000024f8       0x10 c:/program files (x86)/atmel/studio/7.0/toolchain/avr8/avr8-gnu-toolchain/bin/../lib/gcc/avr/5.4.0/avr6\libgcc.a(_tablejump2.o)
                0x000024f8                __tablejump2__
 .text.libgcc.mul
                0x00002508       0x1e c:/program files (x86)/atmel/studio/7.0/toolchain/avr8/avr8-gnu-toolchain/bin/../lib/gcc/avr/5.4.0/avr6\libgcc.a(_umulhisi3.o)
                0x00002508                __umulhisi3
 .text.libgcc.mul
                0x00002526       0x14 c:/program files (x86)/atmel/studio/7.0/toolchain/avr8/avr8-gnu-toolchain/bin/../lib/gcc/avr/5.4.0/avr6\libgcc.a(_muluhisi3.o)
                0x00002526                __muluhisi3
 .text.avr-libc
                0x0000253a      0x242 c:/program files (x86)/atmel/studio/7.0/toolchain/avr8/avr8-gnu-toolchain/bin/../lib/gcc/avr/5.4.0/../../../../avr/lib/avr6\libc.a(malloc.o)
                0x0000253a                malloc
                0x0000266a                free
 .text.avr-libc
                0x0000277c       0x12 c:/program files (x86)/atmel/studio/7.0/toolchain/avr8/avr8-gnu-toolchain/bin/../lib/gcc/avr/5.4.0/../../../../avr/lib/avr6\libc.a(memcpy.o)
                0x0000277c                memcpy
 .text.avr-libc
                0x0000278e        0xe c:/program files (x86)/atmel/studio/7.0/toolchain/avr8/avr8-gnu-toolchain/bin/../lib/gcc/avr/5.4.0/../../../../avr/lib/avr6\libc.a(memset.o)
                0x0000278e                memset
 .text.avr-libc
                0x0000279c       0x5c c:/program files (x86)/atmel/studio/7.0/toolchain/avr8/avr8-gnu-toolchain/bin/../lib/gcc/avr/5.4.0/../../../../avr/lib/avr6\libc.a(sprintf.o)
                0x0000279c                sprintf
 .text.avr-libc
                0x000027f8      0x3fa c:/program files (x86)/atmel/studio/7.0/toolchain/avr8/avr8-gnu-toolchain/bin/../lib/gcc/avr/5.4.0/../../../../avr/lib/avr6\libc.a(vfprintf_std.o)
                0x000027f8                vfprintf
 .text.avr-libc
                0x00002bf2       0x16 c:/program files (x86)/atmel/studio/7.0/toolchain/avr8/avr8-gnu-toolchain/bin/../lib/gcc/avr/5.4.0/../../../../avr/lib/avr6\libc.a(strnlen_P.o)
                0x00002bf2                strnlen_P
 .text.avr-libc
                0x00002c08       0x16 c:/program files (x86)/atmel/studio/7.0/toolchain/avr8/avr8-gnu-toolchain/bin/../lib/gcc/avr/5.4.0/../../../../avr/lib/avr6\libc.a(strnlen.o)
                0x00002c08                strnlen
 .text.avr-libc
                0x00002c1e       0x78 c:/program files (x86)/atmel/studio/7.0/toolchain/avr8/avr8-gnu-toolchain/bin/../lib/gcc/avr/5.4.0/../../../../avr/lib/avr6\libc.a(fputc.o)
                0x00002c1e                fputc
 .text.avr-libc
                0x00002c96       0xbc c:/program files (x86)/atmel/studio/7.0/toolchain/avr8/avr8-gnu-toolchain/bin/../lib/gcc/avr/5.4.0/../../../../avr/lib/avr6\libc.a(ultoa_invert.o)
                0x00002c96                __ultoa_invert
                0x00002d52                . = ALIGN (0x2)
 *(.fini9)
 .fini9         0x00002d52        0x0 c:/program files (x86)/atmel/studio/7.0/toolchain/avr8/avr8-gnu-toolchain/bin/../lib/gcc/avr/5.4.0/avr6\libgcc.a(_exit.o)
                0x00002d52                _exit
                0x00002d52                exit
 *(.fini9)
 *(.fini8)
 *(.fini8)
 *(.fini7)
 *(.fini7)
 *(.fini6)
 *(.fini6)
 *(.fini5)
 *(.fini5)
 *(.fini4)
 *(.fini4)
 *(.fini3)
 *(.fini3)
 *(.fini2)
 *(.fini2)
 *(.fini1)
 *(.fini1)
 *(.fini0)
 .fini0         0x00002d52        0x4 c:/program files (x86)/atmel/studio/7.0/toolchain/avr8/avr8-gnu-toolchain/bin/../lib/gcc/avr/5.4.0/avr6\libgcc.a(_exit.o)
 *(.fini0)
                0x00002d56                _etext = .

.data           0x00800200       0x56 load address 0x00002d56
                0x00800200                PROVIDE (__data_start, .)
 *(.data)
 .data          0x00800200        0x6 c:/program files (x86)/atmel/studio/7.0/toolchain/avr8/avr8-gnu-toolchain/bin/../lib/gcc/avr/5.4.0/../../../../avr/lib/avr6\libc.a(malloc.o)
                0x00800200                __malloc_heap_end
                0x00800202                __malloc_heap_start
                0x00800204                __malloc_margin
 *(.data*)
 .data.I2C_state
                0x00800206        0x1 freertos/i2cMultiMaster.o
 *(.gnu.linkonce.d*)
 *(.rodata)
 *(.rodata*)
 .rodata.str1.1
                0x00800207        0x5 freertos/tasks.o
 .rodata.str1.1
                0x0080020c       0x4a main.o
 *(.gnu.linkonce.r*)
                0x00800256                . = ALIGN (0x2)
                0x00800256                _edata = .
                0x00800256                PROVIDE (__data_end, .)

.bss            0x00800256      0x22b
                0x00800256                PROVIDE (__bss_start, .)
 *(.bss)
 *(.bss*)
 .bss.I2C_bufPtr.2352
                0x00800256        0x1 freertos/i2cMultiMaster.o
 .bss.I2C_statusReg
                0x00800257        0x1 freertos/i2cMultiMaster.o
                0x00800257                I2C_statusReg
 .bss.I2C_checkBusyAfterStop
                0x00800258        0x1 freertos/i2cMultiMaster.o
 .bss.I2C_msgSize
                0x00800259        0x1 freertos/i2cMultiMaster.o
 .bss.I2C_buf   0x0080025a       0x18 freertos/i2cMultiMaster.o
 .bss.uxSchedulerSuspended
                0x00800272        0x1 freertos/tasks.o
 .bss.xIdleTaskHandle
                0x00800273        0x2 freertos/tasks.o
 .bss.xNextTaskUnblockTime
                0x00800275        0x2 freertos/tasks.o
 .bss.uxTaskNumber
                0x00800277        0x1 freertos/tasks.o
 .bss.xNumOfOverflows
                0x00800278        0x1 freertos/tasks.o
 .bss.xYieldPending
                0x00800279        0x1 freertos/tasks.o
 .bss.uxPendedTicks
                0x0080027a        0x1 freertos/tasks.o
 .bss.xSchedulerRunning
                0x0080027b        0x1 freertos/tasks.o
 .bss.uxTopReadyPriority
                0x0080027c        0x1 freertos/tasks.o
 .bss.xTickCount
                0x0080027d        0x2 freertos/tasks.o
 .bss.uxCurrentNumberOfTasks
                0x0080027f        0x1 freertos/tasks.o
 .bss.xSuspendedTaskList
                0x00800280        0x9 freertos/tasks.o
 .bss.uxDeletedTasksWaitingCleanUp
                0x00800289        0x1 freertos/tasks.o
 .bss.xTasksWaitingTermination
                0x0080028a        0x9 freertos/tasks.o
 .bss.xPendingReadyList
                0x00800293        0x9 freertos/tasks.o
 .bss.pxOverflowDelayedTaskList
                0x0080029c        0x2 freertos/tasks.o
 .bss.pxDelayedTaskList
                0x0080029e        0x2 freertos/tasks.o
 .bss.xDelayedTaskList2
                0x008002a0        0x9 freertos/tasks.o
 .bss.xDelayedTaskList1
                0x008002a9        0x9 freertos/tasks.o
 .bss.pxReadyTasksLists
                0x008002b2       0x24 freertos/tasks.o
 .bss.pxCurrentTCB
                0x008002d6        0x2 freertos/tasks.o
                0x008002d6                pxCurrentTCB
 .bss.result    0x008002d8        0x4 main.o
                0x008002d8                result
 .bss.timerCounter
                0x008002dc        0x4 main.o
                0x008002dc                timerCounter
 .bss.up        0x008002e0        0x1 main.o
                0x008002e0                up
 .bss.running   0x008002e1        0x1 main.o
                0x008002e1                running
 .bss.state     0x008002e2        0x2 main.o
                0x008002e2                state
 *(COMMON)
 COMMON         0x008002e4        0x4 freertos/lib_tim/system_time.o
                0x008002e4                __system_time
 COMMON         0x008002e8        0x4 freertos/port.o
                0x008002e8                portTickRateHz
                0x008002ea                ticksRemainingInSec
 COMMON         0x008002ec       0x88 freertos/serial.o
                0x008002ec                xSerialPort
                0x0080030e                xSerial2Port
                0x00800330                xSerial3Port
                0x00800352                xSerial1Port
 COMMON         0x00800374      0x109 main.o
                0x00800374                out
                0x00800474                hoek
                0x00800476                servoHoek
                0x00800478                sonarAfstand
                0x0080047a                ontvang
                0x0080047b                afstand
 COMMON         0x0080047d        0x4 c:/program files (x86)/atmel/studio/7.0/toolchain/avr8/avr8-gnu-toolchain/bin/../lib/gcc/avr/5.4.0/../../../../avr/lib/avr6\libc.a(malloc.o)
                0x0080047d                __brkval
                0x0080047f                __flp
                0x00800481                PROVIDE (__bss_end, .)
                0x00002d56                __data_load_start = LOADADDR (.data)
                0x00002dac                __data_load_end = (__data_load_start + SIZEOF (.data))

.noinit         0x00800481        0x0
                [!provide]                PROVIDE (__noinit_start, .)
 *(.noinit*)
                [!provide]                PROVIDE (__noinit_end, .)
                0x00800481                _end = .
                0x00800481                PROVIDE (__heap_start, .)

.eeprom         0x00810000        0x0
 *(.eeprom*)
                0x00810000                __eeprom_end = .

.fuse
 *(.fuse)
 *(.lfuse)
 *(.hfuse)
 *(.efuse)

.lock
 *(.lock*)

.signature
 *(.signature*)

.user_signatures
 *(.user_signatures*)

.stab
 *(.stab)

.stabstr
 *(.stabstr)

.stab.excl
 *(.stab.excl)

.stab.exclstr
 *(.stab.exclstr)

.stab.index
 *(.stab.index)

.stab.indexstr
 *(.stab.indexstr)

.comment        0x00000000       0x5c
 *(.comment)
 .comment       0x00000000       0x30 freertos/heap_3.o
                                 0x31 (size before relaxing)
 .comment       0x00000030       0x31 freertos/hooks.o
 .comment       0x00000030       0x31 freertos/i2cMultiMaster.o
 .comment       0x00000030       0x31 freertos/lib_tim/system_time.o
 .comment       0x00000030       0x31 freertos/list.o
 .comment       0x00000030       0x31 freertos/port.o
 .comment       0x00000030       0x31 freertos/queue.o
 .comment       0x00000030       0x31 freertos/serial.o
 .comment       0x00000030       0x31 freertos/tasks.o
 .comment       0x00000030       0x31 main.o
 .comment       0x00000030       0x31 c:/program files (x86)/atmel/studio/7.0/toolchain/avr8/avr8-gnu-toolchain/bin/../lib/gcc/avr/5.4.0/../../../../avr/lib/avr6\libc.a(malloc.o)
 .comment       0x00000030       0x31 c:/program files (x86)/atmel/studio/7.0/toolchain/avr8/avr8-gnu-toolchain/bin/../lib/gcc/avr/5.4.0/../../../../avr/lib/avr6\libc.a(sprintf.o)
 .comment       0x00000030       0x2c c:/program files (x86)/atmel/studio/7.0/toolchain/avr8/avr8-gnu-toolchain/bin/../lib/gcc/avr/5.4.0/../../../../avr/lib/avr6\libc.a(vfprintf_std.o)
                                 0x2d (size before relaxing)
 .comment       0x0000005c       0x31 c:/program files (x86)/atmel/studio/7.0/toolchain/avr8/avr8-gnu-toolchain/bin/../lib/gcc/avr/5.4.0/../../../../avr/lib/avr6\libc.a(fputc.o)

.note.gnu.avr.deviceinfo
                0x00000000       0x40
 .note.gnu.avr.deviceinfo
                0x00000000       0x40 C:/Program Files (x86)/Atmel/Studio/7.0/Packs/atmel/ATmega_DFP/1.0.90/gcc/dev/atmega2560/avr6/crtatmega2560.o

.note.gnu.build-id
 *(.note.gnu.build-id)

.debug
 *(.debug)

.line
 *(.line)

.debug_srcinfo
 *(.debug_srcinfo)

.debug_sfnames
 *(.debug_sfnames)

.debug_aranges  0x00000000      0x5c0
 *(.debug_aranges)
 .debug_aranges
                0x00000000       0x28 freertos/heap_3.o
 .debug_aranges
                0x00000028       0x30 freertos/hooks.o
 .debug_aranges
                0x00000058       0x70 freertos/i2cMultiMaster.o
 .debug_aranges
                0x000000c8       0x20 freertos/lib_tim/system_tick.o
 .debug_aranges
                0x000000e8       0x18 freertos/lib_tim/system_time.o
 .debug_aranges
                0x00000100       0x40 freertos/list.o
 .debug_aranges
                0x00000140       0x48 freertos/port.o
 .debug_aranges
                0x00000188       0xc8 freertos/queue.o
 .debug_aranges
                0x00000250      0x150 freertos/serial.o
 .debug_aranges
                0x000003a0      0x168 freertos/tasks.o
 .debug_aranges
                0x00000508       0xb8 main.o

.debug_pubnames
 *(.debug_pubnames)

.debug_info     0x00000000     0x690e
 *(.debug_info .gnu.linkonce.wi.*)
 .debug_info    0x00000000      0x19f freertos/heap_3.o
 .debug_info    0x0000019f      0x1b1 freertos/hooks.o
 .debug_info    0x00000350      0x4d5 freertos/i2cMultiMaster.o
 .debug_info    0x00000825       0x8f freertos/lib_tim/system_tick.o
 .debug_info    0x000008b4       0x83 freertos/lib_tim/system_time.o
 .debug_info    0x00000937      0x2cd freertos/list.o
 .debug_info    0x00000c04      0x299 freertos/port.o
 .debug_info    0x00000e9d     0x1321 freertos/queue.o
 .debug_info    0x000021be     0x1fe6 freertos/serial.o
 .debug_info    0x000041a4     0x1f31 freertos/tasks.o
 .debug_info    0x000060d5      0x839 main.o

.debug_abbrev   0x00000000     0x1314
 *(.debug_abbrev)
 .debug_abbrev  0x00000000      0x107 freertos/heap_3.o
 .debug_abbrev  0x00000107      0x10e freertos/hooks.o
 .debug_abbrev  0x00000215      0x20a freertos/i2cMultiMaster.o
 .debug_abbrev  0x0000041f       0x14 freertos/lib_tim/system_tick.o
 .debug_abbrev  0x00000433       0x4b freertos/lib_tim/system_time.o
 .debug_abbrev  0x0000047e       0xf8 freertos/list.o
 .debug_abbrev  0x00000576      0x148 freertos/port.o
 .debug_abbrev  0x000006be      0x27b freertos/queue.o
 .debug_abbrev  0x00000939      0x3e3 freertos/serial.o
 .debug_abbrev  0x00000d1c      0x33a freertos/tasks.o
 .debug_abbrev  0x00001056      0x2be main.o

.debug_line     0x00000000     0x45c5
 *(.debug_line .debug_line.* .debug_line_end)
 .debug_line    0x00000000      0x172 freertos/heap_3.o
 .debug_line    0x00000172      0x1bb freertos/hooks.o
 .debug_line    0x0000032d      0x53a freertos/i2cMultiMaster.o
 .debug_line    0x00000867       0xc1 freertos/lib_tim/system_tick.o
 .debug_line    0x00000928       0xab freertos/lib_tim/system_time.o
 .debug_line    0x000009d3      0x1d2 freertos/list.o
 .debug_line    0x00000ba5      0x2d6 freertos/port.o
 .debug_line    0x00000e7b      0x919 freertos/queue.o
 .debug_line    0x00001794     0x1824 freertos/serial.o
 .debug_line    0x00002fb8     0x1140 freertos/tasks.o
 .debug_line    0x000040f8      0x4cd main.o

.debug_frame    0x00000000     0x14b0
 *(.debug_frame)
 .debug_frame   0x00000000       0x4c freertos/heap_3.o
 .debug_frame   0x0000004c       0x44 freertos/hooks.o
 .debug_frame   0x00000090      0x114 freertos/i2cMultiMaster.o
 .debug_frame   0x000001a4       0x88 freertos/list.o
 .debug_frame   0x0000022c       0x74 freertos/port.o
 .debug_frame   0x000002a0      0x2f0 freertos/queue.o
 .debug_frame   0x00000590      0x798 freertos/serial.o
 .debug_frame   0x00000d28      0x514 freertos/tasks.o
 .debug_frame   0x0000123c      0x274 main.o

.debug_str      0x00000000     0x1b75
 *(.debug_str)
 .debug_str     0x00000000      0x1c6 freertos/heap_3.o
                                0x1ff (size before relaxing)
 .debug_str     0x000001c6       0xb8 freertos/hooks.o
                                0x244 (size before relaxing)
 .debug_str     0x0000027e      0x25a freertos/i2cMultiMaster.o
                                0x3e4 (size before relaxing)
 .debug_str     0x000004d8       0x37 freertos/lib_tim/system_time.o
                                0x1a1 (size before relaxing)
 .debug_str     0x0000050f      0x13c freertos/list.o
                                0x2c5 (size before relaxing)
 .debug_str     0x0000064b      0x144 freertos/port.o
                                0x2e3 (size before relaxing)
 .debug_str     0x0000078f      0x4fb freertos/queue.o
                                0x7f8 (size before relaxing)
 .debug_str     0x00000c8a      0x547 freertos/serial.o
                                0x772 (size before relaxing)
 .debug_str     0x000011d1      0x86a freertos/tasks.o
                                0xda6 (size before relaxing)
 .debug_str     0x00001a3b      0x13a main.o
                                0x39a (size before relaxing)

.debug_loc      0x00000000     0x726a
 *(.debug_loc)
 .debug_loc     0x00000000      0x102 freertos/heap_3.o
 .debug_loc     0x00000102       0xb4 freertos/hooks.o
 .debug_loc     0x000001b6      0x3f2 freertos/i2cMultiMaster.o
 .debug_loc     0x000005a8      0x145 freertos/list.o
 .debug_loc     0x000006ed      0x2dd freertos/port.o
 .debug_loc     0x000009ca     0x17f1 freertos/queue.o
 .debug_loc     0x000021bb     0x290d freertos/serial.o
 .debug_loc     0x00004ac8     0x21c1 freertos/tasks.o
 .debug_loc     0x00006c89      0x5e1 main.o

.debug_macinfo
 *(.debug_macinfo)

.debug_weaknames
 *(.debug_weaknames)

.debug_funcnames
 *(.debug_funcnames)

.debug_typenames
 *(.debug_typenames)

.debug_varnames
 *(.debug_varnames)

.debug_pubtypes
 *(.debug_pubtypes)

.debug_ranges   0x00000000      0x830
 *(.debug_ranges)
 .debug_ranges  0x00000000       0x18 freertos/heap_3.o
 .debug_ranges  0x00000018       0x20 freertos/hooks.o
 .debug_ranges  0x00000038       0x60 freertos/i2cMultiMaster.o
 .debug_ranges  0x00000098       0x30 freertos/list.o
 .debug_ranges  0x000000c8       0x38 freertos/port.o
 .debug_ranges  0x00000100      0x118 freertos/queue.o
 .debug_ranges  0x00000218      0x3a0 freertos/serial.o
 .debug_ranges  0x000005b8      0x1d0 freertos/tasks.o
 .debug_ranges  0x00000788       0xa8 main.o

.debug_macro
 *(.debug_macro)
OUTPUT(opdr1.elf elf32-avr)
LOAD linker stubs
