Archive member included to satisfy reference by file (symbol)

d:/atmel studio/7.0/toolchain/avr8/avr8-gnu-toolchain/bin/../lib/gcc/avr/5.4.0/../../../../avr/lib/avr6\libm.a(acos.o)
                              freertos/lib_tim/daylight_seconds.o (acos)
d:/atmel studio/7.0/toolchain/avr8/avr8-gnu-toolchain/bin/../lib/gcc/avr/5.4.0/../../../../avr/lib/avr6\libm.a(addsf3.o)
                              freertos/lib_tim/moon_phase.o (__subsf3)
d:/atmel studio/7.0/toolchain/avr8/avr8-gnu-toolchain/bin/../lib/gcc/avr/5.4.0/../../../../avr/lib/avr6\libm.a(addsf3x.o)
                              d:/atmel studio/7.0/toolchain/avr8/avr8-gnu-toolchain/bin/../lib/gcc/avr/5.4.0/../../../../avr/lib/avr6\libm.a(acos.o) (__addsf3x)
d:/atmel studio/7.0/toolchain/avr8/avr8-gnu-toolchain/bin/../lib/gcc/avr/5.4.0/../../../../avr/lib/avr6\libm.a(cmpsf2.o)
                              freertos/lib_tim/daylight_seconds.o (__ltsf2)
d:/atmel studio/7.0/toolchain/avr8/avr8-gnu-toolchain/bin/../lib/gcc/avr/5.4.0/../../../../avr/lib/avr6\libm.a(cos.o)
                              freertos/lib_tim/moon_phase.o (cos)
d:/atmel studio/7.0/toolchain/avr8/avr8-gnu-toolchain/bin/../lib/gcc/avr/5.4.0/../../../../avr/lib/avr6\libm.a(divsf3.o)
                              freertos/lib_tim/daylight_seconds.o (__divsf3)
d:/atmel studio/7.0/toolchain/avr8/avr8-gnu-toolchain/bin/../lib/gcc/avr/5.4.0/../../../../avr/lib/avr6\libm.a(divsf3x.o)
                              d:/atmel studio/7.0/toolchain/avr8/avr8-gnu-toolchain/bin/../lib/gcc/avr/5.4.0/../../../../avr/lib/avr6\libm.a(divsf3.o) (__divsf3x)
d:/atmel studio/7.0/toolchain/avr8/avr8-gnu-toolchain/bin/../lib/gcc/avr/5.4.0/../../../../avr/lib/avr6\libm.a(fixsfsi.o)
                              freertos/lib_tim/equation_of_time.o (__fixsfsi)
d:/atmel studio/7.0/toolchain/avr8/avr8-gnu-toolchain/bin/../lib/gcc/avr/5.4.0/../../../../avr/lib/avr6\libm.a(fixunssfsi.o)
                              freertos/lib_tim/daylight_seconds.o (__fixunssfsi)
d:/atmel studio/7.0/toolchain/avr8/avr8-gnu-toolchain/bin/../lib/gcc/avr/5.4.0/../../../../avr/lib/avr6\libm.a(floatsisf.o)
                              freertos/lib_tim/solar_declination.o (__floatunsisf)
d:/atmel studio/7.0/toolchain/avr8/avr8-gnu-toolchain/bin/../lib/gcc/avr/5.4.0/../../../../avr/lib/avr6\libm.a(fp_arccos.o)
                              d:/atmel studio/7.0/toolchain/avr8/avr8-gnu-toolchain/bin/../lib/gcc/avr/5.4.0/../../../../avr/lib/avr6\libm.a(acos.o) (__fp_arccos)
d:/atmel studio/7.0/toolchain/avr8/avr8-gnu-toolchain/bin/../lib/gcc/avr/5.4.0/../../../../avr/lib/avr6\libm.a(fp_cmp.o)
                              d:/atmel studio/7.0/toolchain/avr8/avr8-gnu-toolchain/bin/../lib/gcc/avr/5.4.0/../../../../avr/lib/avr6\libm.a(cmpsf2.o) (__fp_cmp)
d:/atmel studio/7.0/toolchain/avr8/avr8-gnu-toolchain/bin/../lib/gcc/avr/5.4.0/../../../../avr/lib/avr6\libm.a(fp_inf.o)
                              d:/atmel studio/7.0/toolchain/avr8/avr8-gnu-toolchain/bin/../lib/gcc/avr/5.4.0/../../../../avr/lib/avr6\libm.a(addsf3x.o) (__fp_inf)
d:/atmel studio/7.0/toolchain/avr8/avr8-gnu-toolchain/bin/../lib/gcc/avr/5.4.0/../../../../avr/lib/avr6\libm.a(fp_nan.o)
                              d:/atmel studio/7.0/toolchain/avr8/avr8-gnu-toolchain/bin/../lib/gcc/avr/5.4.0/../../../../avr/lib/avr6\libm.a(addsf3x.o) (__fp_nan)
d:/atmel studio/7.0/toolchain/avr8/avr8-gnu-toolchain/bin/../lib/gcc/avr/5.4.0/../../../../avr/lib/avr6\libm.a(fp_powser.o)
                              d:/atmel studio/7.0/toolchain/avr8/avr8-gnu-toolchain/bin/../lib/gcc/avr/5.4.0/../../../../avr/lib/avr6\libm.a(fp_arccos.o) (__fp_powser)
d:/atmel studio/7.0/toolchain/avr8/avr8-gnu-toolchain/bin/../lib/gcc/avr/5.4.0/../../../../avr/lib/avr6\libm.a(fp_pscA.o)
                              d:/atmel studio/7.0/toolchain/avr8/avr8-gnu-toolchain/bin/../lib/gcc/avr/5.4.0/../../../../avr/lib/avr6\libm.a(addsf3x.o) (__fp_pscA)
d:/atmel studio/7.0/toolchain/avr8/avr8-gnu-toolchain/bin/../lib/gcc/avr/5.4.0/../../../../avr/lib/avr6\libm.a(fp_pscB.o)
                              d:/atmel studio/7.0/toolchain/avr8/avr8-gnu-toolchain/bin/../lib/gcc/avr/5.4.0/../../../../avr/lib/avr6\libm.a(addsf3x.o) (__fp_pscB)
d:/atmel studio/7.0/toolchain/avr8/avr8-gnu-toolchain/bin/../lib/gcc/avr/5.4.0/../../../../avr/lib/avr6\libm.a(fp_rempio2.o)
                              d:/atmel studio/7.0/toolchain/avr8/avr8-gnu-toolchain/bin/../lib/gcc/avr/5.4.0/../../../../avr/lib/avr6\libm.a(cos.o) (__fp_rempio2)
d:/atmel studio/7.0/toolchain/avr8/avr8-gnu-toolchain/bin/../lib/gcc/avr/5.4.0/../../../../avr/lib/avr6\libm.a(fp_round.o)
                              d:/atmel studio/7.0/toolchain/avr8/avr8-gnu-toolchain/bin/../lib/gcc/avr/5.4.0/../../../../avr/lib/avr6\libm.a(acos.o) (__fp_round)
d:/atmel studio/7.0/toolchain/avr8/avr8-gnu-toolchain/bin/../lib/gcc/avr/5.4.0/../../../../avr/lib/avr6\libm.a(fp_sinus.o)
[...]
Memory Configuration

Name             Origin             Length             Attributes
text             0x00000000         0x00100000         xr
data             0x00800200         0x0000fe00         rw !x
eeprom           0x00810000         0x00010000         rw !x
fuse             0x00820000         0x00000400         rw !x
lock             0x00830000         0x00000400         rw !x
signature        0x00840000         0x00000400         rw !x
user_signatures  0x00850000         0x00000400         rw !x
*default*        0x00000000         0xffffffff

Linker script and memory map

Address of section .data set to 0x800200
LOAD D:/atmel studio/7.0/Packs/atmel/ATmega_DFP/1.0.90/gcc/dev/atmega2560/avr6/crtatmega2560.o
LOAD freertos/croutine.o
LOAD freertos/heap_3.o
LOAD freertos/hooks.o
LOAD freertos/i2cMultiMaster.o
LOAD freertos/lib_tim/asctime.o
LOAD freertos/lib_tim/asctime_r.o
LOAD freertos/lib_tim/asc_store.o
LOAD freertos/lib_tim/ctime.o
LOAD freertos/lib_tim/ctime_r.o
LOAD freertos/lib_tim/daylight_seconds.o
LOAD freertos/lib_tim/difftime.o
LOAD freertos/lib_tim/dst_pointer.o
LOAD freertos/lib_tim/equation_of_time.o
LOAD freertos/lib_tim/fatfs_time.o
LOAD freertos/lib_tim/geo_location.o
LOAD freertos/lib_tim/gmtime.o
LOAD freertos/lib_tim/gmtime_r.o
LOAD freertos/lib_tim/gm_sidereal.o
LOAD freertos/lib_tim/isLeap.o
LOAD freertos/lib_tim/isotime.o
LOAD freertos/lib_tim/isotime_r.o
LOAD freertos/lib_tim/iso_week_date.o
LOAD freertos/lib_tim/iso_week_date_r.o
LOAD freertos/lib_tim/lm_sidereal.o
LOAD freertos/lib_tim/localtime.o
LOAD freertos/lib_tim/localtime_r.o
LOAD freertos/lib_tim/mktime.o
LOAD freertos/lib_tim/mk_gmtime.o
LOAD freertos/lib_tim/month_length.o
LOAD freertos/lib_tim/moon_phase.o
LOAD freertos/lib_tim/print_lz.o
LOAD freertos/lib_tim/set_dst.o
LOAD freertos/lib_tim/set_position.o
LOAD freertos/lib_tim/set_system_time.o
LOAD freertos/lib_tim/set_zone.o
LOAD freertos/lib_tim/solar_declination.o
LOAD freertos/lib_tim/solar_noon.o
LOAD freertos/lib_tim/strftime.o
LOAD freertos/lib_tim/sun_rise.o
LOAD freertos/lib_tim/sun_set.o
LOAD freertos/lib_tim/system_tick.o
LOAD freertos/lib_tim/system_time.o
LOAD freertos/lib_tim/time.o
LOAD freertos/lib_tim/tm_store.o
LOAD freertos/lib_tim/utc_offset.o
LOAD freertos/lib_tim/week_of_month.o
LOAD freertos/lib_tim/week_of_year.o
LOAD freertos/list.o
LOAD freertos/port.o
LOAD freertos/queue.o
LOAD freertos/serial.o
LOAD freertos/servoPWM.o
LOAD freertos/spi.o
LOAD freertos/tasks.o
LOAD freertos/timers.o
LOAD main.o
START GROUP
LOAD d:/atmel studio/7.0/toolchain/avr8/avr8-gnu-toolchain/bin/../lib/gcc/avr/5.4.0/../../../../avr/lib/avr6\libm.a
END GROUP
START GROUP
LOAD d:/atmel studio/7.0/toolchain/avr8/avr8-gnu-toolchain/bin/../lib/gcc/avr/5.4.0/avr6\libgcc.a
LOAD d:/atmel studio/7.0/toolchain/avr8/avr8-gnu-toolchain/bin/../lib/gcc/avr/5.4.0/../../../../avr/lib/avr6\libm.a
LOAD d:/atmel studio/7.0/toolchain/avr8/avr8-gnu-toolchain/bin/../lib/gcc/avr/5.4.0/../../../../avr/lib/avr6\libc.a
LOAD D:/atmel studio/7.0/Packs/atmel/ATmega_DFP/1.0.90/gcc/dev/atmega2560/avr6\libatmega2560.a
END GROUP
                0x00100000                __TEXT_REGION_LENGTH__ = DEFINED (__TEXT_REGION_LENGTH__)?__TEXT_REGION_LENGTH__:0x100000
                0x0000fe00                __DATA_REGION_LENGTH__ = DEFINED (__DATA_REGION_LENGTH__)?__DATA_REGION_LENGTH__:0xfe00
                0x00010000                __EEPROM_REGION_LENGTH__ = DEFINED (__EEPROM_REGION_LENGTH__)?__EEPROM_REGION_LENGTH__:0x10000
                0x00000400                __FUSE_REGION_LENGTH__ = DEFINED (__FUSE_REGION_LENGTH__)?__FUSE_REGION_LENGTH__:0x400
                0x00000400                __LOCK_REGION_LENGTH__ = DEFINED (__LOCK_REGION_LENGTH__)?__LOCK_REGION_LENGTH__:0x400
                0x00000400                __SIGNATURE_REGION_LENGTH__ = DEFINED (__SIGNATURE_REGION_LENGTH__)?__SIGNATURE_REGION_LENGTH__:0x400
                0x00000400                __USER_SIGNATURE_REGION_LENGTH__ = DEFINED (__USER_SIGNATURE_REGION_LENGTH__)?__USER_SIGNATURE_REGION_LENGTH__:0x400

.hash
 *(.hash)

.dynsym
 *(.dynsym)

.dynstr
 *(.dynstr)

.gnu.version
 *(.gnu.version)

.gnu.version_d
 *(.gnu.version_d)

.gnu.version_r
 *(.gnu.version_r)

.rel.init
 *(.rel.init)

.rela.init
 *(.rela.init)

.rel.text
 *(.rel.text)
 *(.rel.text.*)
 *(.rel.gnu.linkonce.t*)

.rela.text
 *(.rela.text)
 *(.rela.text.*)
 *(.rela.gnu.linkonce.t*)

.rel.fini
 *(.rel.fini)

.rela.fini
 *(.rela.fini)

.rel.rodata
 *(.rel.rodata)
 *(.rel.rodata.*)
 *(.rel.gnu.linkonce.r*)

.rela.rodata
 *(.rela.rodata)
 *(.rela.rodata.*)
 *(.rela.gnu.linkonce.r*)

.rel.data
 *(.rel.data)
 *(.rel.data.*)
 *(.rel.gnu.linkonce.d*)

.rela.data
 *(.rela.data)
 *(.rela.data.*)
 *(.rela.gnu.linkonce.d*)

.rel.ctors
 *(.rel.ctors)

.rela.ctors
 *(.rela.ctors)

.rel.dtors
 *(.rel.dtors)

.rela.dtors
 *(.rela.dtors)

.rel.got
 *(.rel.got)

.rela.got
 *(.rela.got)

.rel.bss
 *(.rel.bss)

.rela.bss
 *(.rela.bss)

.rel.plt
 *(.rel.plt)

.rela.plt
 *(.rela.plt)

.text           0x00000000     0x22c2
 *(.vectors)
 .vectors       0x00000000       0xe4 D:/atmel studio/7.0/Packs/atmel/ATmega_DFP/1.0.90/gcc/dev/atmega2560/avr6/crtatmega2560.o
                0x00000000                __vector_default
                0x00000000                __vectors
 *(.vectors)
 *(.progmem.gcc*)
 .progmem.gcc_sw_table.__vector_39
                0x000000e4      0x182 freertos/i2cMultiMaster.o
                0x00000266                . = ALIGN (0x2)
                0x00000266                __trampolines_start = .
 *(.trampolines)
 .trampolines   0x00000266        0x0 linker stubs
 *(.trampolines*)
                0x00000266                __trampolines_end = .
 *libprintf_flt.a:*(.progmem.data)
 *libc.a:*(.progmem.data)
 *(.progmem*)
                0x00000266                . = ALIGN (0x2)
 *(.jumptables)
 *(.jumptables*)
 *(.lowtext)
 .lowtext       0x00000266       0x76 freertos/tasks.o
 *(.lowtext*)
                0x000002dc                __ctors_start = .
 *(.ctors)
                0x000002dc                __ctors_end = .
                0x000002dc                __dtors_start = .
 *(.dtors)
                0x000002dc                __dtors_end = .
 SORT(*)(.ctors)
 SORT(*)(.dtors)
 *(.init0)
 .init0         0x000002dc        0x0 D:/atmel studio/7.0/Packs/atmel/ATmega_DFP/1.0.90/gcc/dev/atmega2560/avr6/crtatmega2560.o
                0x000002dc                __init
 *(.init0)
 *(.init1)
 *(.init1)
 *(.init2)
 .init2         0x000002dc       0x10 D:/atmel studio/7.0/Packs/atmel/ATmega_DFP/1.0.90/gcc/dev/atmega2560/avr6/crtatmega2560.o
 *(.init2)
 *(.init3)
 *(.init3)
 *(.init4)
 .init4         0x000002ec       0x1a d:/atmel studio/7.0/toolchain/avr8/avr8-gnu-toolchain/bin/../lib/gcc/avr/5.4.0/avr6\libgcc.a(_copy_data.o)
                0x000002ec                __do_copy_data
 .init4         0x00000306       0x10 d:/atmel studio/7.0/toolchain/avr8/avr8-gnu-toolchain/bin/../lib/gcc/avr/5.4.0/avr6\libgcc.a(_clear_bss.o)
                0x00000306                __do_clear_bss
 *(.init4)
 *(.init5)
 *(.init5)
 *(.init6)
 *(.init6)
 *(.init7)
 *(.init7)
 *(.init8)
 *(.init8)
 *(.init9)
 .init9         0x00000316        0x8 D:/atmel studio/7.0/Packs/atmel/ATmega_DFP/1.0.90/gcc/dev/atmega2560/avr6/crtatmega2560.o
 *(.init9)
 *(.text)
 .text          0x0000031e        0x2 D:/atmel studio/7.0/Packs/atmel/ATmega_DFP/1.0.90/gcc/dev/atmega2560/avr6/crtatmega2560.o
                0x0000031e                __vector_38
                0x0000031e                __vector_22
                0x0000031e                __vector_28
                0x0000031e                __vector_1
                0x0000031e                __vector_32
                0x0000031e                __vector_34
                0x0000031e                __vector_24
                0x0000031e                __vector_12
                0x0000031e                __vector_46
                0x0000031e                __bad_interrupt
                0x0000031e                __vector_6
                0x0000031e                __vector_31
                0x0000031e                __vector_35
                0x0000031e                __vector_3
                0x0000031e                __vector_23
                0x0000031e                __vector_30
                0x0000031e                __vector_45
                0x0000031e                __vector_11
                0x0000031e                __vector_13
                0x0000031e                __vector_17
                0x0000031e                __vector_19
                0x0000031e                __vector_56
                0x0000031e                __vector_7
                0x0000031e                __vector_49
                0x0000031e                __vector_41
                0x0000031e                __vector_43
                0x0000031e                __vector_27
                0x0000031e                __vector_5
                0x0000031e                __vector_33
                0x0000031e                __vector_47
                0x0000031e                __vector_4
                0x0000031e                __vector_44
                0x0000031e                __vector_9
                0x0000031e                __vector_2
                0x0000031e                __vector_15
                0x0000031e                __vector_29
                0x0000031e                __vector_40
                0x0000031e                __vector_8
                0x0000031e                __vector_48
                0x0000031e                __vector_14
                0x0000031e                __vector_53
                0x0000031e                __vector_10
                0x0000031e                __vector_50
                0x0000031e                __vector_16
                0x0000031e                __vector_18
                0x0000031e                __vector_20
                0x0000031e                __vector_42
 .text          0x00000320       0x38 freertos/lib_tim/system_tick.o
                0x00000320                system_tick
                0x00000358                . = ALIGN (0x2)
 *(.text.*)
 .text.pvPortMalloc
                0x00000358       0x24 freertos/heap_3.o
                0x00000358                pvPortMalloc
 .text.vPortFree
                0x0000037c       0x1e freertos/heap_3.o
                0x0000037c                vPortFree
 .text.vApplicationMallocFailedHook
                0x0000039a       0x14 freertos/hooks.o
                0x0000039a                vApplicationMallocFailedHook
 .text.vApplicationStackOverflowHook
                0x000003ae       0x1a freertos/hooks.o
                0x000003ae                vApplicationStackOverflowHook
 .text.__vector_39
                0x000003c8      0x1e0 freertos/i2cMultiMaster.o
                0x000003c8                __vector_39
 .text.vListInitialise
                0x000005a8       0x1c freertos/list.o
                0x000005a8                vListInitialise
 .text.vListInitialiseItem
                0x000005c4        0x8 freertos/list.o
                0x000005c4                vListInitialiseItem
 .text.vListInsertEnd
                0x000005cc       0x42 freertos/list.o
                0x000005cc                vListInsertEnd
 .text.vListInsert
                0x0000060e       0x62 freertos/list.o
                0x0000060e                vListInsert
 .text.uxListRemove
                0x00000670       0x4c freertos/list.o
                0x00000670                uxListRemove
 .text.pxPortInitialiseStack
                0x000006bc       0xe4 freertos/port.o
                0x000006bc                pxPortInitialiseStack
 .text.xPortStartScheduler
                0x000007a0       0x8c freertos/port.o
                0x000007a0                xPortStartScheduler
 .text.vPortYield
                0x0000082c       0xc2 freertos/port.o
                0x0000082c                vPortYield
 .text.vPortYieldFromTick
                0x000008ee       0xf0 freertos/port.o
                0x000008ee                vPortYieldFromTick
 .text.__vector_21
                0x000009de        0x4 freertos/port.o
                0x000009de                __vector_21
 .text.prvIsQueueEmpty
                0x000009e2       0x16 freertos/queue.o
 .text.prvCopyDataToQueue
                0x000009f8       0xbe freertos/queue.o
 .text.prvCopyDataFromQueue
                0x00000ab6       0x34 freertos/queue.o
 .text.prvUnlockQueue
                0x00000aea       0x9a freertos/queue.o
 .text.xQueueGenericReset
                0x00000b84       0x72 freertos/queue.o
                0x00000b84                xQueueGenericReset
 .text.xQueueGenericCreate
                0x00000bf6       0x54 freertos/queue.o
                0x00000bf6                xQueueGenericCreate
 .text.xQueueGenericSend
                0x00000c4a      0x124 freertos/queue.o
                0x00000c4a                xQueueGenericSend
 .text.xQueueGenericReceive
                0x00000d6e      0x168 freertos/queue.o
                0x00000d6e                xQueueGenericReceive
 .text.__vector_25
                0x00000ed6       0xbe freertos/serial.o
                0x00000ed6                __vector_25
 .text.__vector_26
                0x00000f94       0x92 freertos/serial.o
                0x00000f94                __vector_26
 .text.__vector_36
                0x00001026       0xbe freertos/serial.o
                0x00001026                __vector_36
 .text.__vector_37
                0x000010e4       0x92 freertos/serial.o
                0x000010e4                __vector_37
 .text.__vector_51
                0x00001176       0xbe freertos/serial.o
                0x00001176                __vector_51
 .text.__vector_52
                0x00001234       0x92 freertos/serial.o
                0x00001234                __vector_52
 .text.__vector_54
                0x000012c6       0xbe freertos/serial.o
                0x000012c6                __vector_54
 .text.__vector_55
                0x00001384       0x92 freertos/serial.o
                0x00001384                __vector_55
 .text.prvResetNextTaskUnblockTime
                0x00001416       0x3e freertos/tasks.o
 .text.prvAddCurrentTaskToDelayedList
                0x00001454       0xa8 freertos/tasks.o
 .text.xTaskCreate
                0x000014fc      0x224 freertos/tasks.o
                0x000014fc                xTaskCreate
 .text.vTaskStartScheduler
                0x00001720       0x50 freertos/tasks.o
                0x00001720                vTaskStartScheduler
 .text.vTaskSuspendAll
                0x00001770        0xc freertos/tasks.o
                0x00001770                vTaskSuspendAll
 .text.xTaskGetTickCount
                0x0000177c       0x14 freertos/tasks.o
                0x0000177c                xTaskGetTickCount
 .text.xTaskIncrementTick
                0x00001790      0x174 freertos/tasks.o
                0x00001790                xTaskIncrementTick
 .text.xTaskResumeAll
                0x00001904       0xfa freertos/tasks.o
                0x00001904                xTaskResumeAll
 .text.vTaskDelayUntil
                0x000019fe       0x76 freertos/tasks.o
                0x000019fe                vTaskDelayUntil
 .text.vTaskSwitchContext
                0x00001a74      0x102 freertos/tasks.o
                0x00001a74                vTaskSwitchContext
 .text.vTaskPlaceOnEventList
                0x00001b76       0x22 freertos/tasks.o
                0x00001b76                vTaskPlaceOnEventList
 .text.xTaskRemoveFromEventList
                0x00001b98       0x90 freertos/tasks.o
                0x00001b98                xTaskRemoveFromEventList
 .text.vTaskSetTimeOutState
                0x00001c28       0x16 freertos/tasks.o
                0x00001c28                vTaskSetTimeOutState
 .text.xTaskCheckForTimeOut
                0x00001c3e       0x70 freertos/tasks.o
                0x00001c3e                xTaskCheckForTimeOut
 .text.vTaskMissedYield
                0x00001cae        0x8 freertos/tasks.o
                0x00001cae                vTaskMissedYield
 .text.vTaskPriorityInherit
                0x00001cb6       0xc4 freertos/tasks.o
                0x00001cb6                vTaskPriorityInherit
 .text.xTaskPriorityDisinherit
                0x00001d7a       0x80 freertos/tasks.o
                0x00001d7a                xTaskPriorityDisinherit
 .text.pvTaskIncrementMutexHeldCount
                0x00001dfa       0x24 freertos/tasks.o
                0x00001dfa                pvTaskIncrementMutexHeldCount
 .text.initUsart0
                0x00001e1e       0x1e main.o
                0x00001e1e                initUsart0
 .text.main     0x00001e3c       0x74 main.o
                0x00001e3c                main
 .text.writeChar
                0x00001eb0       0x10 main.o
                0x00001eb0                writeChar
 .text.writeString
                0x00001ec0       0x48 main.o
                0x00001ec0                writeString
 .text.TaakKleineletter
                0x00001f08       0x32 main.o
 .text.TaakHoofdletter
                0x00001f3a       0x32 main.o
 .text.writeULong
                0x00001f6c       0x36 main.o
                0x00001f6c                writeULong
 .text.vApplicationIdleHook
                0x00001fa2       0x48 main.o
                0x00001fa2                vApplicationIdleHook
 .text.libgcc   0x00001fea       0x10 d:/atmel studio/7.0/toolchain/avr8/avr8-gnu-toolchain/bin/../lib/gcc/avr/5.4.0/avr6\libgcc.a(_tablejump2.o)
                0x00001fea                __tablejump2__
 .text.avr-libc
                0x00001ffa      0x242 d:/atmel studio/7.0/toolchain/avr8/avr8-gnu-toolchain/bin/../lib/gcc/avr/5.4.0/../../../../avr/lib/avr6\libc.a(malloc.o)
                0x00001ffa                malloc
                0x0000212a                free
 .text.avr-libc
                0x0000223c       0x12 d:/atmel studio/7.0/toolchain/avr8/avr8-gnu-toolchain/bin/../lib/gcc/avr/5.4.0/../../../../avr/lib/avr6\libc.a(memcpy.o)
                0x0000223c                memcpy
 .text.avr-libc
                0x0000224e        0xe d:/atmel studio/7.0/toolchain/avr8/avr8-gnu-toolchain/bin/../lib/gcc/avr/5.4.0/../../../../avr/lib/avr6\libc.a(memset.o)
                0x0000224e                memset
 .text.avr-libc
                0x0000225c       0x42 d:/atmel studio/7.0/toolchain/avr8/avr8-gnu-toolchain/bin/../lib/gcc/avr/5.4.0/../../../../avr/lib/avr6\libc.a(ultoa_ncheck.o)
                0x0000225c                __ultoa_ncheck
                0x0000225e                __ultoa_common
 .text.avr-libc
                0x0000229e       0x20 d:/atmel studio/7.0/toolchain/avr8/avr8-gnu-toolchain/bin/../lib/gcc/avr/5.4.0/../../../../avr/lib/avr6\libc.a(strrev.o)
                0x0000229e                strrev
                0x000022be                . = ALIGN (0x2)
 *(.fini9)
 .fini9         0x000022be        0x0 d:/atmel studio/7.0/toolchain/avr8/avr8-gnu-toolchain/bin/../lib/gcc/avr/5.4.0/avr6\libgcc.a(_exit.o)
                0x000022be                _exit
                0x000022be                exit
 *(.fini9)
 *(.fini8)
 *(.fini8)
 *(.fini7)
 *(.fini7)
 *(.fini6)
 *(.fini6)
 *(.fini5)
 *(.fini5)
 *(.fini4)
 *(.fini4)
 *(.fini3)
 *(.fini3)
 *(.fini2)
 *(.fini2)
 *(.fini1)
 *(.fini1)
 *(.fini0)
 .fini0         0x000022be        0x4 d:/atmel studio/7.0/toolchain/avr8/avr8-gnu-toolchain/bin/../lib/gcc/avr/5.4.0/avr6\libgcc.a(_exit.o)
 *(.fini0)
                0x000022c2                _etext = .

.data           0x00800200       0x54 load address 0x000022c2
                0x00800200                PROVIDE (__data_start, .)
 *(.data)
 .data          0x00800200        0x6 d:/atmel studio/7.0/toolchain/avr8/avr8-gnu-toolchain/bin/../lib/gcc/avr/5.4.0/../../../../avr/lib/avr6\libc.a(malloc.o)
                0x00800200                __malloc_heap_end
                0x00800202                __malloc_heap_start
                0x00800204                __malloc_margin
 *(.data*)
 .data.I2C_state
                0x00800206        0x1 freertos/i2cMultiMaster.o
 *(.gnu.linkonce.d*)
 *(.rodata)
 *(.rodata*)
 .rodata.str1.1
                0x00800207        0x5 freertos/tasks.o
 .rodata.str1.1
                0x0080020c       0x47 main.o
 *(.gnu.linkonce.r*)
                0x00800254                . = ALIGN (0x2)
 *fill*         0x00800253        0x1 
                0x00800254                _edata = .
                0x00800254                PROVIDE (__data_end, .)

.bss            0x00800254      0x120
                0x00800254                PROVIDE (__bss_start, .)
 *(.bss)
 *(.bss*)
 .bss.I2C_bufPtr.2352
                0x00800254        0x1 freertos/i2cMultiMaster.o
 .bss.I2C_statusReg
                0x00800255        0x1 freertos/i2cMultiMaster.o
                0x00800255                I2C_statusReg
 .bss.I2C_checkBusyAfterStop
                0x00800256        0x1 freertos/i2cMultiMaster.o
 .bss.I2C_msgSize
                0x00800257        0x1 freertos/i2cMultiMaster.o
 .bss.I2C_buf   0x00800258       0x18 freertos/i2cMultiMaster.o
 .bss.uxSchedulerSuspended
                0x00800270        0x1 freertos/tasks.o
 .bss.xIdleTaskHandle
                0x00800271        0x2 freertos/tasks.o
 .bss.xNextTaskUnblockTime
                0x00800273        0x2 freertos/tasks.o
 .bss.uxTaskNumber
                0x00800275        0x1 freertos/tasks.o
 .bss.xNumOfOverflows
                0x00800276        0x1 freertos/tasks.o
 .bss.xYieldPending
                0x00800277        0x1 freertos/tasks.o
 .bss.uxPendedTicks
                0x00800278        0x1 freertos/tasks.o
 .bss.xSchedulerRunning
                0x00800279        0x1 freertos/tasks.o
 .bss.uxTopReadyPriority
                0x0080027a        0x1 freertos/tasks.o
 .bss.xTickCount
                0x0080027b        0x2 freertos/tasks.o
 .bss.uxCurrentNumberOfTasks
                0x0080027d        0x1 freertos/tasks.o
 .bss.xSuspendedTaskList
                0x0080027e        0x9 freertos/tasks.o
 .bss.uxDeletedTasksWaitingCleanUp
                0x00800287        0x1 freertos/tasks.o
 .bss.xTasksWaitingTermination
                0x00800288        0x9 freertos/tasks.o
 .bss.xPendingReadyList
                0x00800291        0x9 freertos/tasks.o
 .bss.pxOverflowDelayedTaskList
                0x0080029a        0x2 freertos/tasks.o
 .bss.pxDelayedTaskList
                0x0080029c        0x2 freertos/tasks.o
 .bss.xDelayedTaskList2
                0x0080029e        0x9 freertos/tasks.o
 .bss.xDelayedTaskList1
                0x008002a7        0x9 freertos/tasks.o
 .bss.pxReadyTasksLists
                0x008002b0       0x24 freertos/tasks.o
 .bss.pxCurrentTCB
                0x008002d4        0x2 freertos/tasks.o
                0x008002d4                pxCurrentTCB
 .bss.waarde    0x008002d6        0x4 main.o
                0x008002d6                waarde
 .bss.kleineHandle
                0x008002da        0x2 main.o
                0x008002da                kleineHandle
 .bss.hoofdHandle
                0x008002dc        0x2 main.o
                0x008002dc                hoofdHandle
 *(COMMON)
 COMMON         0x008002de        0x4 freertos/lib_tim/system_time.o
                0x008002de                __system_time
 COMMON         0x008002e2        0x4 freertos/port.o
                0x008002e2                portTickRateHz
                0x008002e4                ticksRemainingInSec
 COMMON         0x008002e6       0x88 freertos/serial.o
                0x008002e6                xSerialPort
                0x00800308                xSerial2Port
                0x0080032a                xSerial3Port
                0x0080034c                xSerial1Port
 COMMON         0x0080036e        0x2 main.o
                0x0080036e                sem
 COMMON         0x00800370        0x4 d:/atmel studio/7.0/toolchain/avr8/avr8-gnu-toolchain/bin/../lib/gcc/avr/5.4.0/../../../../avr/lib/avr6\libc.a(malloc.o)
                0x00800370                __brkval
                0x00800372                __flp
                0x00800374                PROVIDE (__bss_end, .)
                0x000022c2                __data_load_start = LOADADDR (.data)
                0x00002316                __data_load_end = (__data_load_start + SIZEOF (.data))

.noinit         0x00800374        0x0
                [!provide]                PROVIDE (__noinit_start, .)
 *(.noinit*)
                [!provide]                PROVIDE (__noinit_end, .)
                0x00800374                _end = .
                0x00800374                PROVIDE (__heap_start, .)

.eeprom         0x00810000        0x0
 *(.eeprom*)
                0x00810000                __eeprom_end = .

.fuse
 *(.fuse)
 *(.lfuse)
 *(.hfuse)
 *(.efuse)

.lock
 *(.lock*)

.signature
 *(.signature*)

.user_signatures
 *(.user_signatures*)

.stab
 *(.stab)

.stabstr
 *(.stabstr)

.stab.excl
 *(.stab.excl)

.stab.exclstr
 *(.stab.exclstr)

.stab.index
 *(.stab.index)

.stab.indexstr
 *(.stab.indexstr)

.comment        0x00000000       0x30
 *(.comment)
 .comment       0x00000000       0x30 freertos/heap_3.o
                                 0x31 (size before relaxing)
 .comment       0x00000030       0x31 freertos/hooks.o
 .comment       0x00000030       0x31 freertos/i2cMultiMaster.o
 .comment       0x00000030       0x31 freertos/lib_tim/system_time.o
 .comment       0x00000030       0x31 freertos/list.o
 .comment       0x00000030       0x31 freertos/port.o
 .comment       0x00000030       0x31 freertos/queue.o
 .comment       0x00000030       0x31 freertos/serial.o
 .comment       0x00000030       0x31 freertos/tasks.o
 .comment       0x00000030       0x31 main.o
 .comment       0x00000030       0x31 d:/atmel studio/7.0/toolchain/avr8/avr8-gnu-toolchain/bin/../lib/gcc/avr/5.4.0/../../../../avr/lib/avr6\libc.a(malloc.o)

.note.gnu.avr.deviceinfo
                0x00000000       0x40
 .note.gnu.avr.deviceinfo
                0x00000000       0x40 D:/atmel studio/7.0/Packs/atmel/ATmega_DFP/1.0.90/gcc/dev/atmega2560/avr6/crtatmega2560.o

.note.gnu.build-id
 *(.note.gnu.build-id)

.debug
 *(.debug)

.line
 *(.line)

.debug_srcinfo
 *(.debug_srcinfo)

.debug_sfnames
 *(.debug_sfnames)

.debug_aranges  0x00000000      0x570
 *(.debug_aranges)
 .debug_aranges
                0x00000000       0x28 freertos/heap_3.o
 .debug_aranges
                0x00000028       0x30 freertos/hooks.o
 .debug_aranges
                0x00000058       0x70 freertos/i2cMultiMaster.o
 .debug_aranges
                0x000000c8       0x20 freertos/lib_tim/system_tick.o
 .debug_aranges
                0x000000e8       0x18 freertos/lib_tim/system_time.o
 .debug_aranges
                0x00000100       0x40 freertos/list.o
 .debug_aranges
                0x00000140       0x48 freertos/port.o
 .debug_aranges
                0x00000188       0xc8 freertos/queue.o
 .debug_aranges
                0x00000250      0x158 freertos/serial.o
 .debug_aranges
                0x000003a8      0x168 freertos/tasks.o
 .debug_aranges
                0x00000510       0x60 main.o

.debug_pubnames
 *(.debug_pubnames)

.debug_info     0x00000000     0x6971
 *(.debug_info .gnu.linkonce.wi.*)
 .debug_info    0x00000000      0x19f freertos/heap_3.o
 .debug_info    0x0000019f      0x1b1 freertos/hooks.o
 .debug_info    0x00000350      0x4d5 freertos/i2cMultiMaster.o
 .debug_info    0x00000825       0x8f freertos/lib_tim/system_tick.o
 .debug_info    0x000008b4       0x83 freertos/lib_tim/system_time.o
 .debug_info    0x00000937      0x2cd freertos/list.o
 .debug_info    0x00000c04      0x299 freertos/port.o
 .debug_info    0x00000e9d     0x1321 freertos/queue.o
 .debug_info    0x000021be     0x209e freertos/serial.o
 .debug_info    0x0000425c     0x1f31 freertos/tasks.o
 .debug_info    0x0000618d      0x7e4 main.o

.debug_abbrev   0x00000000     0x1306
 *(.debug_abbrev)
 .debug_abbrev  0x00000000      0x107 freertos/heap_3.o
 .debug_abbrev  0x00000107      0x10e freertos/hooks.o
 .debug_abbrev  0x00000215      0x20a freertos/i2cMultiMaster.o
 .debug_abbrev  0x0000041f       0x14 freertos/lib_tim/system_tick.o
 .debug_abbrev  0x00000433       0x4b freertos/lib_tim/system_time.o
 .debug_abbrev  0x0000047e       0xf8 freertos/list.o
 .debug_abbrev  0x00000576      0x148 freertos/port.o
 .debug_abbrev  0x000006be      0x27b freertos/queue.o
 .debug_abbrev  0x00000939      0x3e3 freertos/serial.o
 .debug_abbrev  0x00000d1c      0x33a freertos/tasks.o
 .debug_abbrev  0x00001056      0x2b0 main.o

.debug_line     0x00000000     0x4327
 *(.debug_line .debug_line.* .debug_line_end)
 .debug_line    0x00000000      0x14a freertos/heap_3.o
 .debug_line    0x0000014a      0x193 freertos/hooks.o
 .debug_line    0x000002dd      0x526 freertos/i2cMultiMaster.o
 .debug_line    0x00000803       0xc1 freertos/lib_tim/system_tick.o
 .debug_line    0x000008c4       0x97 freertos/lib_tim/system_time.o
 .debug_line    0x0000095b      0x1be freertos/list.o
 .debug_line    0x00000b19      0x2c2 freertos/port.o
 .debug_line    0x00000ddb      0x8f1 freertos/queue.o
 .debug_line    0x000016cc     0x1857 freertos/serial.o
 .debug_line    0x00002f23     0x1118 freertos/tasks.o
 .debug_line    0x0000403b      0x2ec main.o

.debug_frame    0x00000000     0x1384
 *(.debug_frame)
 .debug_frame   0x00000000       0x4c freertos/heap_3.o
 .debug_frame   0x0000004c       0x44 freertos/hooks.o
 .debug_frame   0x00000090      0x114 freertos/i2cMultiMaster.o
 .debug_frame   0x000001a4       0x88 freertos/list.o
 .debug_frame   0x0000022c       0x74 freertos/port.o
 .debug_frame   0x000002a0      0x2f0 freertos/queue.o
 .debug_frame   0x00000590      0x7e0 freertos/serial.o
 .debug_frame   0x00000d70      0x514 freertos/tasks.o
 .debug_frame   0x00001284      0x100 main.o

.debug_str      0x00000000     0x1b28
 *(.debug_str)
 .debug_str     0x00000000      0x1c6 freertos/heap_3.o
                                0x1ff (size before relaxing)
 .debug_str     0x000001c6       0xb8 freertos/hooks.o
                                0x244 (size before relaxing)
 .debug_str     0x0000027e      0x25a freertos/i2cMultiMaster.o
                                0x3e4 (size before relaxing)
 .debug_str     0x000004d8       0x37 freertos/lib_tim/system_time.o
                                0x1a1 (size before relaxing)
 .debug_str     0x0000050f      0x13c freertos/list.o
                                0x2c5 (size before relaxing)
 .debug_str     0x0000064b      0x144 freertos/port.o
                                0x2e3 (size before relaxing)
 .debug_str     0x0000078f      0x4fb freertos/queue.o
                                0x7f8 (size before relaxing)
 .debug_str     0x00000c8a      0x553 freertos/serial.o
                                0x77e (size before relaxing)
 .debug_str     0x000011dd      0x871 freertos/tasks.o
                                0xda6 (size before relaxing)
 .debug_str     0x00001a4e       0xda main.o
                                0x3ad (size before relaxing)

.debug_loc      0x00000000     0x7134
 *(.debug_loc)
 .debug_loc     0x00000000      0x102 freertos/heap_3.o
 .debug_loc     0x00000102       0xb4 freertos/hooks.o
 .debug_loc     0x000001b6      0x3f2 freertos/i2cMultiMaster.o
 .debug_loc     0x000005a8      0x145 freertos/list.o
 .debug_loc     0x000006ed      0x2dd freertos/port.o
 .debug_loc     0x000009ca     0x17f1 freertos/queue.o
 .debug_loc     0x000021bb     0x2a07 freertos/serial.o
 .debug_loc     0x00004bc2     0x21c1 freertos/tasks.o
 .debug_loc     0x00006d83      0x3b1 main.o

.debug_macinfo
 *(.debug_macinfo)

.debug_weaknames
 *(.debug_weaknames)

.debug_funcnames
 *(.debug_funcnames)

.debug_typenames
 *(.debug_typenames)

.debug_varnames
 *(.debug_varnames)

.debug_pubtypes
 *(.debug_pubtypes)

.debug_ranges   0x00000000      0x7f8
 *(.debug_ranges)
 .debug_ranges  0x00000000       0x18 freertos/heap_3.o
 .debug_ranges  0x00000018       0x20 freertos/hooks.o
 .debug_ranges  0x00000038       0x60 freertos/i2cMultiMaster.o
 .debug_ranges  0x00000098       0x30 freertos/list.o
 .debug_ranges  0x000000c8       0x38 freertos/port.o
 .debug_ranges  0x00000100      0x118 freertos/queue.o
 .debug_ranges  0x00000218      0x3a8 freertos/serial.o
 .debug_ranges  0x000005c0      0x1d0 freertos/tasks.o
 .debug_ranges  0x00000790       0x68 main.o

.debug_macro
 *(.debug_macro)
OUTPUT(opdr1.elf elf32-avr)
LOAD linker stubs
